-- rFunc-rename --
renaming "sFunc" to "rFunc" not possible because "github.com/cowpaths/golang-x-tools/internal/lsp/rename/bad" has errors
