-- AStuff-hoverdef --
```go
func AStuff()
```

[`a.AStuff` on pkg.go.dev](https://pkg.go.dev/github.com/cowpaths/golang-x-tools/internal/lsp/godef/a?utm_source=gopls#AStuff)
-- AVariable-hoverdef --
```go
var _ A
```

variable of type a\.A
